src/app/dashboard/page.tsx(3,8): error TS1259: Module '"/home/lawless-pad/Documents/drips/chenpilot-client/node_modules/@types/react/index"' can only be default-imported using the 'esModuleInterop' flag
src/app/dashboard/page.tsx(5,48): error TS2307: Cannot find module '@/store' or its corresponding type declarations.
src/app/dashboard/page.tsx(6,74): error TS2307: Cannot find module '@/store/slices/accountSlice' or its corresponding type declarations.
src/app/dashboard/page.tsx(7,26): error TS2307: Cannot find module '@/store/slices/authSlice' or its corresponding type declarations.
src/app/dashboard/page.tsx(8,24): error TS2307: Cannot find module '@/components/ui/Button' or its corresponding type declarations.
src/app/dashboard/page.tsx(9,22): error TS2307: Cannot find module '@/components/ui/Card' or its corresponding type declarations.
src/app/dashboard/page.tsx(10,28): error TS2307: Cannot find module '@/components/layout/ChatLayout' or its corresponding type declarations.
src/app/dashboard/page.tsx(26,50): error TS2307: Cannot find module '@/utils/format' or its corresponding type declarations.
src/app/dashboard/page.tsx(91,7): error TS17004: Cannot use JSX unless the '--jsx' flag is provided.
src/app/dashboard/page.tsx(92,9): error TS17004: Cannot use JSX unless the '--jsx' flag is provided.
src/app/dashboard/page.tsx(93,11): error TS17004: Cannot use JSX unless the '--jsx' flag is provided.
src/app/dashboard/page.tsx(94,11): error TS17004: Cannot use JSX unless the '--jsx' flag is provided.
src/app/dashboard/page.tsx(101,5): error TS17004: Cannot use JSX unless the '--jsx' flag is provided.
src/app/dashboard/page.tsx(102,7): error TS17004: Cannot use JSX unless the '--jsx' flag is provided.
src/app/dashboard/page.tsx(104,9): error TS17004: Cannot use JSX unless the '--jsx' flag is provided.
src/app/dashboard/page.tsx(106,11): error TS17004: Cannot use JSX unless the '--jsx' flag is provided.
src/app/dashboard/page.tsx(109,9): error TS17004: Cannot use JSX unless the '--jsx' flag is provided.
src/app/dashboard/page.tsx(111,11): error TS17004: Cannot use JSX unless the '--jsx' flag is provided.
src/app/dashboard/page.tsx(112,13): error TS17004: Cannot use JSX unless the '--jsx' flag is provided.
src/app/dashboard/page.tsx(115,13): error TS17004: Cannot use JSX unless the '--jsx' flag is provided.
src/app/dashboard/page.tsx(121,11): error TS17004: Cannot use JSX unless the '--jsx' flag is provided.
src/app/dashboard/page.tsx(122,13): error TS17004: Cannot use JSX unless the '--jsx' flag is provided.
src/app/dashboard/page.tsx(123,15): error TS17004: Cannot use JSX unless the '--jsx' flag is provided.
src/app/dashboard/page.tsx(124,17): error TS17004: Cannot use JSX unless the '--jsx' flag is provided.
src/app/dashboard/page.tsx(127,15): error TS17004: Cannot use JSX unless the '--jsx' flag is provided.
src/app/dashboard/page.tsx(128,17): error TS17004: Cannot use JSX unless the '--jsx' flag is provided.
src/app/dashboard/page.tsx(129,17): error TS17004: Cannot use JSX unless the '--jsx' flag is provided.
src/app/dashboard/page.tsx(135,13): error TS17004: Cannot use JSX unless the '--jsx' flag is provided.
src/app/dashboard/page.tsx(137,15): error TS17004: Cannot use JSX unless the '--jsx' flag is provided.
src/app/dashboard/page.tsx(138,17): error TS17004: Cannot use JSX unless the '--jsx' flag is provided.
src/app/dashboard/page.tsx(139,19): error TS17004: Cannot use JSX unless the '--jsx' flag is provided.
src/app/dashboard/page.tsx(140,21): error TS17004: Cannot use JSX unless the '--jsx' flag is provided.
src/app/dashboard/page.tsx(141,23): error TS17004: Cannot use JSX unless the '--jsx' flag is provided.
src/app/dashboard/page.tsx(142,25): error TS17004: Cannot use JSX unless the '--jsx' flag is provided.
src/app/dashboard/page.tsx(144,23): error TS17004: Cannot use JSX unless the '--jsx' flag is provided.
src/app/dashboard/page.tsx(146,21): error TS17004: Cannot use JSX unless the '--jsx' flag is provided.
src/app/dashboard/page.tsx(148,23): error TS17004: Cannot use JSX unless the '--jsx' flag is provided.
src/app/dashboard/page.tsx(149,25): error TS17004: Cannot use JSX unless the '--jsx' flag is provided.
src/app/dashboard/page.tsx(151,27): error TS17004: Cannot use JSX unless the '--jsx' flag is provided.
src/app/dashboard/page.tsx(155,29): error TS17004: Cannot use JSX unless the '--jsx' flag is provided.
src/app/dashboard/page.tsx(158,25): error TS17004: Cannot use JSX unless the '--jsx' flag is provided.
src/app/dashboard/page.tsx(159,27): error TS17004: Cannot use JSX unless the '--jsx' flag is provided.
src/app/dashboard/page.tsx(163,23): error TS17004: Cannot use JSX unless the '--jsx' flag is provided.
src/app/dashboard/page.tsx(164,25): error TS17004: Cannot use JSX unless the '--jsx' flag is provided.
src/app/dashboard/page.tsx(172,15): error TS17004: Cannot use JSX unless the '--jsx' flag is provided.
src/app/dashboard/page.tsx(173,17): error TS17004: Cannot use JSX unless the '--jsx' flag is provided.
src/app/dashboard/page.tsx(174,19): error TS17004: Cannot use JSX unless the '--jsx' flag is provided.
src/app/dashboard/page.tsx(175,21): error TS17004: Cannot use JSX unless the '--jsx' flag is provided.
src/app/dashboard/page.tsx(176,23): error TS17004: Cannot use JSX unless the '--jsx' flag is provided.
src/app/dashboard/page.tsx(177,25): error TS17004: Cannot use JSX unless the '--jsx' flag is provided.
src/app/dashboard/page.tsx(179,23): error TS17004: Cannot use JSX unless the '--jsx' flag is provided.
src/app/dashboard/page.tsx(181,21): error TS17004: Cannot use JSX unless the '--jsx' flag is provided.
src/app/dashboard/page.tsx(183,23): error TS17004: Cannot use JSX unless the '--jsx' flag is provided.
src/app/dashboard/page.tsx(184,25): error TS17004: Cannot use JSX unless the '--jsx' flag is provided.
src/app/dashboard/page.tsx(187,25): error TS17004: Cannot use JSX unless the '--jsx' flag is provided.
src/app/dashboard/page.tsx(188,27): error TS17004: Cannot use JSX unless the '--jsx' flag is provided.
src/app/dashboard/page.tsx(192,23): error TS17004: Cannot use JSX unless the '--jsx' flag is provided.
src/app/dashboard/page.tsx(193,25): error TS17004: Cannot use JSX unless the '--jsx' flag is provided.
src/app/dashboard/page.tsx(196,23): error TS17004: Cannot use JSX unless the '--jsx' flag is provided.
src/app/dashboard/page.tsx(197,25): error TS17004: Cannot use JSX unless the '--jsx' flag is provided.
src/app/dashboard/page.tsx(205,15): error TS17004: Cannot use JSX unless the '--jsx' flag is provided.
src/app/dashboard/page.tsx(206,17): error TS17004: Cannot use JSX unless the '--jsx' flag is provided.
src/app/dashboard/page.tsx(207,19): error TS17004: Cannot use JSX unless the '--jsx' flag is provided.
src/app/dashboard/page.tsx(208,21): error TS17004: Cannot use JSX unless the '--jsx' flag is provided.
src/app/dashboard/page.tsx(209,23): error TS17004: Cannot use JSX unless the '--jsx' flag is provided.
src/app/dashboard/page.tsx(210,25): error TS17004: Cannot use JSX unless the '--jsx' flag is provided.
src/app/dashboard/page.tsx(212,23): error TS17004: Cannot use JSX unless the '--jsx' flag is provided.
src/app/dashboard/page.tsx(214,21): error TS17004: Cannot use JSX unless the '--jsx' flag is provided.
src/app/dashboard/page.tsx(216,23): error TS17004: Cannot use JSX unless the '--jsx' flag is provided.
src/app/dashboard/page.tsx(217,25): error TS17004: Cannot use JSX unless the '--jsx' flag is provided.
src/app/dashboard/page.tsx(218,27): error TS17004: Cannot use JSX unless the '--jsx' flag is provided.
src/app/dashboard/page.tsx(220,25): error TS17004: Cannot use JSX unless the '--jsx' flag is provided.
src/app/dashboard/page.tsx(221,27): error TS17004: Cannot use JSX unless the '--jsx' flag is provided.
src/app/dashboard/page.tsx(225,23): error TS17004: Cannot use JSX unless the '--jsx' flag is provided.
src/app/dashboard/page.tsx(226,25): error TS17004: Cannot use JSX unless the '--jsx' flag is provided.
src/app/dashboard/page.tsx(229,23): error TS17004: Cannot use JSX unless the '--jsx' flag is provided.
src/app/dashboard/page.tsx(230,25): error TS17004: Cannot use JSX unless the '--jsx' flag is provided.
src/app/dashboard/page.tsx(240,11): error TS17004: Cannot use JSX unless the '--jsx' flag is provided.
src/app/dashboard/page.tsx(241,13): error TS17004: Cannot use JSX unless the '--jsx' flag is provided.
src/app/dashboard/page.tsx(244,13): error TS17004: Cannot use JSX unless the '--jsx' flag is provided.
src/app/dashboard/page.tsx(246,17): error TS17004: Cannot use JSX unless the '--jsx' flag is provided.
src/app/dashboard/page.tsx(247,19): error TS17004: Cannot use JSX unless the '--jsx' flag is provided.
src/app/dashboard/page.tsx(248,21): error TS17004: Cannot use JSX unless the '--jsx' flag is provided.
src/app/dashboard/page.tsx(249,23): error TS17004: Cannot use JSX unless the '--jsx' flag is provided.
src/app/dashboard/page.tsx(252,23): error TS17004: Cannot use JSX unless the '--jsx' flag is provided.
src/app/dashboard/page.tsx(255,23): error TS17004: Cannot use JSX unless the '--jsx' flag is provided.
src/app/dashboard/page.tsx(261,25): error TS17004: Cannot use JSX unless the '--jsx' flag is provided.
src/app/dashboard/page.tsx(271,11): error TS17004: Cannot use JSX unless the '--jsx' flag is provided.
src/app/dashboard/page.tsx(272,13): error TS17004: Cannot use JSX unless the '--jsx' flag is provided.
src/app/dashboard/page.tsx(275,13): error TS17004: Cannot use JSX unless the '--jsx' flag is provided.
src/app/dashboard/page.tsx(277,17): error TS17004: Cannot use JSX unless the '--jsx' flag is provided.
src/app/dashboard/page.tsx(278,19): error TS17004: Cannot use JSX unless the '--jsx' flag is provided.
src/app/dashboard/page.tsx(279,21): error TS17004: Cannot use JSX unless the '--jsx' flag is provided.
src/app/dashboard/page.tsx(282,21): error TS17004: Cannot use JSX unless the '--jsx' flag is provided.
src/app/dashboard/page.tsx(290,19): error TS17004: Cannot use JSX unless the '--jsx' flag is provided.
src/app/dashboard/page.tsx(292,23): error TS17004: Cannot use JSX unless the '--jsx' flag is provided.
src/app/dashboard/page.tsx(293,25): error TS17004: Cannot use JSX unless the '--jsx' flag is provided.
src/app/dashboard/page.tsx(295,25): error TS17004: Cannot use JSX unless the '--jsx' flag is provided.
src/app/dashboard/page.tsx(296,27): error TS17004: Cannot use JSX unless the '--jsx' flag is provided.
src/app/dashboard/page.tsx(297,29): error TS17004: Cannot use JSX unless the '--jsx' flag is provided.
src/app/dashboard/page.tsx(301,27): error TS17004: Cannot use JSX unless the '--jsx' flag is provided.
src/app/dashboard/page.tsx(317,17): error TS17004: Cannot use JSX unless the '--jsx' flag is provided.
src/app/dashboard/page.tsx(318,19): error TS17004: Cannot use JSX unless the '--jsx' flag is provided.
src/app/dashboard/page.tsx(321,19): error TS17004: Cannot use JSX unless the '--jsx' flag is provided.
src/app/dashboard/page.tsx(324,19): error TS17004: Cannot use JSX unless the '--jsx' flag is provided.
src/app/dashboard/page.tsx(335,11): error TS17004: Cannot use JSX unless the '--jsx' flag is provided.
src/app/dashboard/page.tsx(336,13): error TS17004: Cannot use JSX unless the '--jsx' flag is provided.
src/app/dashboard/page.tsx(339,13): error TS17004: Cannot use JSX unless the '--jsx' flag is provided.
src/app/dashboard/page.tsx(340,15): error TS17004: Cannot use JSX unless the '--jsx' flag is provided.
src/app/dashboard/page.tsx(341,17): error TS17004: Cannot use JSX unless the '--jsx' flag is provided.
src/app/dashboard/page.tsx(342,19): error TS17004: Cannot use JSX unless the '--jsx' flag is provided.
src/app/dashboard/page.tsx(345,19): error TS17004: Cannot use JSX unless the '--jsx' flag is provided.
src/app/dashboard/page.tsx(353,21): error TS17004: Cannot use JSX unless the '--jsx' flag is provided.
src/app/dashboard/page.tsx(359,17): error TS17004: Cannot use JSX unless the '--jsx' flag is provided.
src/app/dashboard/page.tsx(361,21): error TS17004: Cannot use JSX unless the '--jsx' flag is provided.
src/app/dashboard/page.tsx(362,23): error TS17004: Cannot use JSX unless the '--jsx' flag is provided.
src/app/dashboard/page.tsx(363,25): error TS17004: Cannot use JSX unless the '--jsx' flag is provided.
src/app/dashboard/page.tsx(365,23): error TS17004: Cannot use JSX unless the '--jsx' flag is provided.
src/app/dashboard/page.tsx(366,25): error TS17004: Cannot use JSX unless the '--jsx' flag is provided.
src/app/dashboard/page.tsx(367,27): error TS17004: Cannot use JSX unless the '--jsx' flag is provided.
src/app/dashboard/page.tsx(370,27): error TS17004: Cannot use JSX unless the '--jsx' flag is provided.
src/app/dashboard/page.tsx(374,25): error TS17004: Cannot use JSX unless the '--jsx' flag is provided.
src/app/dashboard/page.tsx(378,23): error TS17004: Cannot use JSX unless the '--jsx' flag is provided.
src/app/dashboard/page.tsx(379,25): error TS17004: Cannot use JSX unless the '--jsx' flag is provided.
src/app/dashboard/page.tsx(385,21): error TS17004: Cannot use JSX unless the '--jsx' flag is provided.
src/app/dashboard/page.tsx(386,23): error TS17004: Cannot use JSX unless the '--jsx' flag is provided.
src/app/dashboard/page.tsx(387,25): error TS17004: Cannot use JSX unless the '--jsx' flag is provided.
src/app/dashboard/page.tsx(389,23): error TS17004: Cannot use JSX unless the '--jsx' flag is provided.
src/app/dashboard/page.tsx(390,25): error TS17004: Cannot use JSX unless the '--jsx' flag is provided.
src/app/dashboard/page.tsx(391,27): error TS17004: Cannot use JSX unless the '--jsx' flag is provided.
src/app/dashboard/page.tsx(394,27): error TS17004: Cannot use JSX unless the '--jsx' flag is provided.
src/app/dashboard/page.tsx(398,25): error TS17004: Cannot use JSX unless the '--jsx' flag is provided.
src/app/dashboard/page.tsx(402,23): error TS17004: Cannot use JSX unless the '--jsx' flag is provided.
src/app/dashboard/page.tsx(403,25): error TS17004: Cannot use JSX unless the '--jsx' flag is provided.
src/app/dashboard/page.tsx(409,21): error TS17004: Cannot use JSX unless the '--jsx' flag is provided.
src/app/dashboard/page.tsx(410,23): error TS17004: Cannot use JSX unless the '--jsx' flag is provided.
src/app/dashboard/page.tsx(411,23): error TS17004: Cannot use JSX unless the '--jsx' flag is provided.
src/app/dashboard/page.tsx(414,23): error TS17004: Cannot use JSX unless the '--jsx' flag is provided.
src/app/dashboard/page.tsx(417,23): error TS17004: Cannot use JSX unless the '--jsx' flag is provided.
